// Jest Snapshot v1, https://goo.gl/fbAQLP

exports[`Search Form components snapshot 1`] = `
<div
  className="App"
>
  <div
    className="App-body"
  >
    <header
      className="text-center"
    >
      <img
        alt="logo"
        className="App-logo"
        src="logo.svg"
      />
    </header>
    <form
      onSubmit={[Function]}
    >
      <div
        className="row"
      >
        <div
          className="col"
        >
          <div
            className="form-group"
          >
            <label
              className="form-label"
            >
               Customer 
            </label>
            <input
              className="form-control"
              name="customerName"
              onBlur={[Function]}
              onChange={[Function]}
              type="text"
              value=""
            />
          </div>
        </div>
        <div
          className="col"
        >
          <div
            className="form-group"
          >
            <label
              className="form-label"
            >
               Quantity 
            </label>
            <input
              className="form-control"
              name="quantity"
              onBlur={[Function]}
              onChange={[Function]}
              type="text"
              value=""
            />
          </div>
        </div>
      </div>
      <div
        className="row"
      >
        <div
          className="col"
        >
          <div
            className="form-group"
          >
            <label
              className="form-label"
            >
               Pizza Size 
            </label>
            <select
              className="form-control"
              name="pizzaSizeId"
              onBlur={[Function]}
              onChange={[Function]}
              value=""
            >
              <option
                value="-1"
              >
                Select size
              </option>
            </select>
          </div>
        </div>
        <div
          className="col"
        >
          <div
            className="form-group"
          >
            <label
              className="form-label"
            >
               Pizza Type 
            </label>
            <select
              className="form-control"
              name="pizzaTypeId"
              onBlur={[Function]}
              onChange={[Function]}
              value=""
            >
              <option
                value="-1"
              >
                Select type
              </option>
            </select>
          </div>
        </div>
      </div>
      <div
        className="row"
      >
        <div
          className="col"
        >
          <div
            className="form-group"
          >
            <label
              className="form-label"
            >
               Address 
            </label>
            <input
              className="form-control"
              name="address"
              onBlur={[Function]}
              onChange={[Function]}
              type="text"
              value=""
            />
          </div>
        </div>
      </div>
      <div
        className="row"
      >
        <div
          className="col"
        >
          <div
            className="form-group"
          >
            <button
              className="submit-btn btn btn-primary"
              disabled={false}
              type="submit"
            >
              Make Order
            </button>
          </div>
        </div>
      </div>
    </form>
    <table
      className="table table-striped table-bordered table-hover"
    >
      <thead>
        <tr>
          <th>
            #
          </th>
          <th>
            Customer
          </th>
          <th>
            Pizza Type 
          </th>
          <th>
            Pizza Size
          </th>
          <th>
            Quantity
          </th>
          <th>
            Status
          </th>
          <th>
            Address
          </th>
          <th>
            Date Ordered
          </th>
        </tr>
      </thead>
      <tbody />
    </table>
    <ul
      className="pagination"
    />
  </div>
</div>
`;
