// Jest Snapshot v1, https://goo.gl/fbAQLP

exports[`Search Form components snapshot 1`] = `
<form
  onSubmit={[Function]}
>
  <div
    className="row"
  >
    <div
      className="col"
    >
      <div
        className="form-group"
      >
        <label
          className="form-label"
        >
           Customer 
        </label>
        <input
          className="form-control"
          name="customerName"
          onBlur={[Function]}
          onChange={[Function]}
          type="text"
          value=""
        />
      </div>
    </div>
    <div
      className="col"
    >
      <div
        className="form-group"
      >
        <label
          className="form-label"
        >
           Quantity 
        </label>
        <input
          className="form-control"
          name="quantity"
          onBlur={[Function]}
          onChange={[Function]}
          type="text"
          value=""
        />
      </div>
    </div>
  </div>
  <div
    className="row"
  >
    <div
      className="col"
    >
      <div
        className="form-group"
      >
        <label
          className="form-label"
        >
           Pizza Size 
        </label>
        <select
          className="form-control"
          name="pizzaSizeId"
          onBlur={[Function]}
          onChange={[Function]}
          value=""
        >
          <option
            value="-1"
          >
            Select size
          </option>
        </select>
      </div>
    </div>
    <div
      className="col"
    >
      <div
        className="form-group"
      >
        <label
          className="form-label"
        >
           Pizza Type 
        </label>
        <select
          className="form-control"
          name="pizzaTypeId"
          onBlur={[Function]}
          onChange={[Function]}
          value=""
        >
          <option
            value="-1"
          >
            Select type
          </option>
        </select>
      </div>
    </div>
  </div>
  <div
    className="row"
  >
    <div
      className="col"
    >
      <div
        className="form-group"
      >
        <label
          className="form-label"
        >
           Address 
        </label>
        <input
          className="form-control"
          name="address"
          onBlur={[Function]}
          onChange={[Function]}
          type="text"
          value=""
        />
      </div>
    </div>
  </div>
  <div
    className="row"
  >
    <div
      className="col"
    >
      <div
        className="form-group"
      >
        <button
          className="submit-btn btn btn-primary"
          disabled={false}
          type="submit"
        >
          Make Order
        </button>
      </div>
    </div>
  </div>
</form>
`;
